---
source: crates/biome_js_analyze/tests/spec_tests.rs
expression: invalidBindingPattern.js
---
# Input
```jsx
function f({ b = a, a = 0 }) {}
function f([b = a, a = 0]) {}
function f({ x: [b = a, { a = 0 }] }) {}
{
	const { b = a, a = 0 } = {};
}
{
	const [b = a, a = 0] = {};
}
{
	const {
		x: [b = a, { a = 0 }],
	} = {};
}

```

# Diagnostics
```
invalidBindingPattern.js:1:18 lint/nursery/noInvalidUseBeforeDeclaration ━━━━━━━━━━━━━━━━━━━━━━━━━━━

  ! This variable is used before its declaration.
  
  > 1 │ function f({ b = a, a = 0 }) {}
      │                  ^
    2 │ function f([b = a, a = 0]) {}
    3 │ function f({ x: [b = a, { a = 0 }] }) {}
  
  i The variable is declared here:
  
  > 1 │ function f({ b = a, a = 0 }) {}
      │                     ^
    2 │ function f([b = a, a = 0]) {}
    3 │ function f({ x: [b = a, { a = 0 }] }) {}
  

```

```
invalidBindingPattern.js:2:17 lint/nursery/noInvalidUseBeforeDeclaration ━━━━━━━━━━━━━━━━━━━━━━━━━━━

  ! This variable is used before its declaration.
  
    1 │ function f({ b = a, a = 0 }) {}
  > 2 │ function f([b = a, a = 0]) {}
      │                 ^
    3 │ function f({ x: [b = a, { a = 0 }] }) {}
    4 │ {
  
  i The variable is declared here:
  
    1 │ function f({ b = a, a = 0 }) {}
  > 2 │ function f([b = a, a = 0]) {}
      │                    ^
    3 │ function f({ x: [b = a, { a = 0 }] }) {}
    4 │ {
  

```

```
invalidBindingPattern.js:3:22 lint/nursery/noInvalidUseBeforeDeclaration ━━━━━━━━━━━━━━━━━━━━━━━━━━━

  ! This variable is used before its declaration.
  
    1 │ function f({ b = a, a = 0 }) {}
    2 │ function f([b = a, a = 0]) {}
  > 3 │ function f({ x: [b = a, { a = 0 }] }) {}
      │                      ^
    4 │ {
    5 │ 	const { b = a, a = 0 } = {};
  
  i The variable is declared here:
  
    1 │ function f({ b = a, a = 0 }) {}
    2 │ function f([b = a, a = 0]) {}
  > 3 │ function f({ x: [b = a, { a = 0 }] }) {}
      │                           ^
    4 │ {
    5 │ 	const { b = a, a = 0 } = {};
  

```

```
invalidBindingPattern.js:5:14 lint/nursery/noInvalidUseBeforeDeclaration ━━━━━━━━━━━━━━━━━━━━━━━━━━━

  ! This variable is used before its declaration.
  
    3 │ function f({ x: [b = a, { a = 0 }] }) {}
    4 │ {
  > 5 │ 	const { b = a, a = 0 } = {};
      │ 	            ^
    6 │ }
    7 │ {
  
  i The variable is declared here:
  
    3 │ function f({ x: [b = a, { a = 0 }] }) {}
    4 │ {
  > 5 │ 	const { b = a, a = 0 } = {};
      │ 	               ^
    6 │ }
    7 │ {
  

```

```
invalidBindingPattern.js:8:13 lint/nursery/noInvalidUseBeforeDeclaration ━━━━━━━━━━━━━━━━━━━━━━━━━━━

  ! This variable is used before its declaration.
  
     6 │ }
     7 │ {
   > 8 │ 	const [b = a, a = 0] = {};
       │ 	           ^
     9 │ }
    10 │ {
  
  i The variable is declared here:
  
     6 │ }
     7 │ {
   > 8 │ 	const [b = a, a = 0] = {};
       │ 	              ^
     9 │ }
    10 │ {
  

```

```
invalidBindingPattern.js:12:11 lint/nursery/noInvalidUseBeforeDeclaration ━━━━━━━━━━━━━━━━━━━━━━━━━━

  ! This variable is used before its declaration.
  
    10 │ {
    11 │ 	const {
  > 12 │ 		x: [b = a, { a = 0 }],
       │ 		        ^
    13 │ 	} = {};
    14 │ }
  
  i The variable is declared here:
  
    10 │ {
    11 │ 	const {
  > 12 │ 		x: [b = a, { a = 0 }],
       │ 		             ^
    13 │ 	} = {};
    14 │ }
  

```


