---
source: crates/biome_js_analyze/tests/spec_tests.rs
expression: invalid.js
---
# Input
```jsx
import "notInstalled";

```

# Diagnostics
```
invalid.js:1:8 lint/nursery/noUndeclaredDependencies ━━━━━━━━━━━━━━━━━━━━━━━━━━━━━━━━━━━━━━━━━━━━━━━

  ! The current dependency isn't specified in your package.json.
  
  > 1 │ import "notInstalled";
      │        ^^^^^^^^^^^^^^
    2 │ 
  
  i This could lead to errors.
  
  i Add the dependency in your manifest.
  

```


