---
source: crates/biome_cli/tests/snap_test.rs
expression: content
---
## `file.astro`

```astro
---

a == b;
delete a.c;

var foo = "";
---
<div></div>
```

# Termination Message

```block
lint ━━━━━━━━━━━━━━━━━━━━━━━━━━━━━━━━━━━━━━━━━━━━━━━━━━━━━━━━━━━━━━━━━━━━━━━━━━━━━━━━━━━━━━━━━━━━━━━

  × Some errors were emitted while running checks.
  


```

# Emitted Messages

```block
file.astro:1:4 lint/suspicious/noDoubleEquals  FIXABLE  ━━━━━━━━━━━━━━━━━━━━━━━━━━━━━━━━━━━━━━━━━━━━

  × Use === instead of ==
  
  > 1 │ ---
      │    
  > 2 │ 
  > 3 │ a == b;
      │ 
    4 │ delete a.c;
    5 │ 
  
  i == is only allowed when comparing against null
  
  > 1 │ ---
      │    
  > 2 │ 
  > 3 │ a == b;
      │ 
    4 │ delete a.c;
    5 │ 
  
  i Using === may be unsafe if you are relying on type coercion
  
  i Unsafe fix: Use ===
  
    2 │ a·===·b;
      │     +   

```

```block
file.astro:3:5 lint/performance/noDelete  FIXABLE  ━━━━━━━━━━━━━━━━━━━━━━━━━━━━━━━━━━━━━━━━━━━━━━━━━

  × Avoid the delete operator which can impact performance.
  
    1 │ ---
    2 │ 
  > 3 │ a == b;
      │     ^^^
  > 4 │ delete a.c;
      │ ^^^^^^
    5 │ 
    6 │ var foo = "";
  
  i Unsafe fix: Use an undefined assignment instead.
  
    1 1 │   
    2 2 │   a == b;
    3   │ - delete·a.c;
      3 │ + a.c·=·undefined;
    4 4 │   
    5 5 │   var foo = "";
  

```

```block
file.astro:4:10 lint/style/noVar  FIXABLE  ━━━━━━━━━━━━━━━━━━━━━━━━━━━━━━━━━━━━━━━━━━━━━━━━━━━━━━━━━

  × Use let or const instead of var.
  
    3 │ a == b;
  > 4 │ delete a.c;
      │          ^^
  > 5 │ 
  > 6 │ var foo = "";
      │ ^^^^^^^^
    7 │ ---
    8 │ <div></div>
  
  i A variable declared with var is accessible in the whole module. Thus, the variable can be accessed before its initialization and outside the block where it is declared.
  
  i See MDN web docs for more details.
  
  i Unsafe fix: Use 'const' instead.
  
    3 3 │   delete a.c;
    4 4 │   
    5   │ - var·foo·=·"";
      5 │ + const·foo·=·"";
    6 6 │   
  

```

```block
file.astro lint ━━━━━━━━━━━━━━━━━━━━━━━━━━━━━━━━━━━━━━━━━━━━━━━━━━━━━━━━━━━━━━━━━━━━━━━━━━━━━━━━━━━━

  × The file contains diagnostics that needs to be addressed.
  

```

```block
Checked 1 file(s) in <TIME>
```


