---
source: crates/biome_cli/tests/snap_test.rs
expression: content
---
## `biome.json`

```json
{
  "linter": {
    "enabled": true,
    "rules": {
      "all": false,
      "nursery": {
        "noUnusedDependencies": "error"
      }
    }
  }
}
```

## `fix.js`

```js
import "react";
import "lodash";
		
```

## `package.json`

```json
	{
  "dependencies": { "react": "latest", "react-dom": "^17.0.0" }
}
```

# Termination Message

```block
configuration ━━━━━━━━━━━━━━━━━━━━━━━━━━━━━━━━━━━━━━━━━━━━━━━━━━━━━━━━━━━━━━━━━━━━━━━━━━━━━━━━━━━━━━

  × Biome exited because the configuration resulted in errors. Please fix them.
  


```

# Emitted Messages

```block
biome.json:7:9 deserialize ━━━━━━━━━━━━━━━━━━━━━━━━━━━━━━━━━━━━━━━━━━━━━━━━━━━━━━━━━━━━━━━━━━━━━━━━━

  × Found an unknown key `noUnusedDependencies`.
  
    5 │       "all": false,
    6 │       "nursery": {
  > 7 │         "noUnusedDependencies": "error"
      │         ^^^^^^^^^^^^^^^^^^^^^^
    8 │       }
    9 │     }
  
  i Accepted keys
  
  - recommended
  - all
  - noConsole
  - noDuplicateJsonKeys
  - noEmptyBlockStatements
  - noEmptyTypeParameters
  - noFocusedTests
  - noGlobalAssign
  - noGlobalEval
  - noInvalidUseBeforeDeclaration
  - noMisleadingCharacterClass
  - noNodejsModules
  - noReExportAll
  - noRestrictedImports
  - noSkippedTests
  - noThenProperty
  - noUndeclaredDependencies
  - noUnusedImports
  - noUnusedPrivateClassMembers
  - noUselessLoneBlockStatements
  - noUselessTernary
  - useAwait
  - useConsistentArrayType
  - useExportType
  - useFilenamingConvention
  - useForOf
  - useGroupedTypeImport
  - useImportRestrictions
  - useImportType
  - useNodejsImportProtocol
  - useNumberNamespace
  - useShorthandFunctionType
  - useSortedClasses
  

```


